core_cm4.h:1037:22:NVIC_SetPriorityGrouping	24	static
main.c:103:6:task1	16	static
main.c:115:6:task2	16	static
main.c:127:6:task3	16	static
main.c:139:6:task1timer	32	static
main.c:149:6:task2timer	32	static
main.c:159:6:task3timer	32	static
main.c:169:6:periodicGenerator	32	static
main.c:213:5:main	32	static
main.c:293:6:insert	56	static
main.c:354:6:delete	24	static
main.c:388:6:purgeAndRun	80	static
main.c:450:6:dd_scheduler	56	static
main.c:476:14:dd_tcreate	88	static
main.c:516:10:dd_delete	56	static
main.c:549:12:dd_return_active_list	48	static
main.c:586:12:dd_return_overdue_list	48	static
main.c:625:6:vApplicationTickHook	16	static
main.c:662:6:vApplicationMallocFailedHook	4	static
main.c:676:6:vApplicationStackOverflowHook	16	static
main.c:690:6:vApplicationIdleHook	16	static
main.c:712:13:prvSetupHardware	8	static
