core_cm4.h:1037:22:NVIC_SetPriorityGrouping	24	static
main.c:91:6:task1	16	static
main.c:108:6:task2	16	static
main.c:126:6:task3	16	static
main.c:145:6:task1timer	32	static
main.c:155:6:task2timer	32	static
main.c:165:6:task3timer	32	static
main.c:176:6:periodicGenerator	32	static
main.c:197:6:monitor	24	static
main.c:239:5:main	32	static
main.c:320:6:insert	56	static
main.c:381:6:delete	24	static
main.c:415:6:purgeAndRun	80	static
main.c:496:6:dd_scheduler	56	static
main.c:520:14:dd_tcreate	80	static
main.c:560:10:dd_delete	56	static
main.c:593:12:dd_return_active_list	48	static
main.c:630:12:dd_return_overdue_list	48	static
main.c:672:6:vApplicationTickHook	16	static
main.c:710:6:vApplicationMallocFailedHook	4	static
main.c:724:6:vApplicationStackOverflowHook	16	static
main.c:738:6:vApplicationIdleHook	16	static
main.c:763:13:prvSetupHardware	8	static
